Detecting compiler hash for triplet x64-windows...
Compiler found: C:/Program Files/Microsoft Visual Studio/18/Community/VC/Tools/MSVC/14.50.35717/bin/Hostx64/x64/cl.exe
The following packages are already installed:
  * asio:x64-windows@1.32.0
  * boost-algorithm:x64-windows@1.90.0#1
  * boost-align:x64-windows@1.90.0#1
  * boost-array:x64-windows@1.90.0#1
    boost-asio[core,spawn,deadline-timer]:x64-windows@1.90.0#1
  * boost-assert:x64-windows@1.90.0#1
  * boost-bind:x64-windows@1.90.0#1
  * boost-cmake:x64-windows@1.90.0#1
  * boost-concept-check:x64-windows@1.90.0#1
  * boost-config:x64-windows@1.90.0#1
  * boost-container:x64-windows@1.90.0#1
  * boost-container-hash:x64-windows@1.90.0#1
  * boost-context:x64-windows@1.90.0#1
  * boost-conversion:x64-windows@1.90.0#1
  * boost-core:x64-windows@1.90.0#1
    boost-date-time:x64-windows@1.90.0#1
  * boost-describe:x64-windows@1.90.0#1
  * boost-detail:x64-windows@1.90.0#1
  * boost-exception:x64-windows@1.90.0#1
  * boost-function:x64-windows@1.90.0#1
  * boost-function-types:x64-windows@1.90.0#1
  * boost-functional:x64-windows@1.90.0#1
  * boost-fusion:x64-windows@1.90.0#1
  * boost-headers:x64-windows@1.90.0#1
  * boost-integer:x64-windows@1.90.0#1
  * boost-intrusive:x64-windows@1.90.0#1
  * boost-io:x64-windows@1.90.0#1
  * boost-iterator:x64-windows@1.90.0#1
  * boost-lexical-cast:x64-windows@1.90.0#1
  * boost-move:x64-windows@1.90.0#1
  * boost-mp11:x64-windows@1.90.0#1
  * boost-mpl:x64-windows@1.90.0#1
  * boost-numeric-conversion:x64-windows@1.90.0#1
  * boost-optional:x64-windows@1.90.0#1
  * boost-pool:x64-windows@1.90.0#1
  * boost-predef:x64-windows@1.90.0#1
  * boost-preprocessor:x64-windows@1.90.0#1
  * boost-range:x64-windows@1.90.0#1
  * boost-regex:x64-windows@1.90.0#1
  * boost-smart-ptr:x64-windows@1.90.0#1
  * boost-static-assert:x64-windows@1.90.0#1
    boost-system:x64-windows@1.90.0#1
  * boost-throw-exception:x64-windows@1.90.0#1
  * boost-tokenizer:x64-windows@1.90.0#1
  * boost-tuple:x64-windows@1.90.0#1
  * boost-type-traits:x64-windows@1.90.0#1
  * boost-typeof:x64-windows@1.90.0#1
  * boost-uninstall:x64-windows@1.90.0#1
  * boost-unordered:x64-windows@1.90.0#1
  * boost-utility:x64-windows@1.90.0#1
  * boost-variant2:x64-windows@1.90.0#1
  * boost-winapi:x64-windows@1.90.0#1
    cpr[core,ssl]:x64-windows@1.14.2
    crow:x64-windows@1.3.0#1
  * curl[core,sspi,ssl,non-http]:x64-windows@8.19.0
    nlohmann-json:x64-windows@3.12.0#2
  * vcpkg-boost:x64-windows@2025-03-29
  * vcpkg-cmake:x64-windows@2024-04-23
  * vcpkg-cmake-config:x64-windows@2024-05-23
  * zlib:x64-windows@1.3.1
boost-date-time provides CMake targets:

  # this is heuristically generated, and may not be correct
  find_package(boost_date_time CONFIG REQUIRED)
  target_link_libraries(main PRIVATE Boost::date_time)

boost-system provides CMake targets:

  # this is heuristically generated, and may not be correct
  find_package(boost_system CONFIG REQUIRED)
  target_link_libraries(main PRIVATE Boost::system)

boost-asio provides CMake targets:

  # this is heuristically generated, and may not be correct
  find_package(boost_asio CONFIG REQUIRED)
  target_link_libraries(main PRIVATE Boost::asio)

  find_package(boost_asio_core CONFIG REQUIRED)
  target_link_libraries(main PRIVATE Boost::asio_core)

  find_package(boost_asio_deadline_timer CONFIG REQUIRED)
  target_link_libraries(main PRIVATE Boost::asio_deadline_timer)

  find_package(boost_asio_spawn CONFIG REQUIRED)
  target_link_libraries(main PRIVATE Boost::asio_spawn)

cpr provides CMake targets:

  # this is heuristically generated, and may not be correct
  find_package(cpr CONFIG REQUIRED)
  target_link_libraries(main PRIVATE cpr::cpr)

crow provides CMake targets:

  # this is heuristically generated, and may not be correct
  find_package(Crow CONFIG REQUIRED)
  target_link_libraries(main PRIVATE Crow::Crow asio::asio)

The package nlohmann-json provides CMake targets:

    find_package(nlohmann_json CONFIG REQUIRED)
    target_link_libraries(main PRIVATE nlohmann_json::nlohmann_json)

The package nlohmann-json can be configured to not provide implicit conversions via a custom triplet file:

    set(nlohmann-json_IMPLICIT_CONVERSIONS OFF)

For more information, see the docs here:
    
    https://json.nlohmann.me/api/macros/json_use_implicit_conversions/

All requested installations completed successfully in: 3.44 ms
